\BOOKMARK [1][-]{section.1}{\376\377\000O\000v\000e\000r\000v\000i\000e\000w\000\040\000a\000n\000d\000\040\000D\000a\000t\000a\000\040\000D\000e\000s\000c\000r\000i\000p\000t\000i\000o\000n}{}% 1
\BOOKMARK [1][-]{section.2}{\376\377\000F\000e\000a\000t\000u\000r\000e\000\040\000I\000m\000p\000o\000r\000t\000a\000n\000c\000e\000:\000\040\000T\000r\000e\000e\000-\000M\000o\000d\000e\000l\000\040\000E\000n\000s\000e\000m\000b\000l\000e}{}% 2
\BOOKMARK [1][-]{section.3}{\376\377\000M\000u\000t\000u\000a\000l\000\040\000I\000n\000f\000o\000r\000m\000a\000t\000i\000o\000n\000\040\000w\000i\000t\000h\000\040\000W\000i\000n\000d\000\040\000S\000p\000e\000e\000d}{}% 3
\BOOKMARK [1][-]{section.4}{\376\377\000S\000H\000A\000P\000\040\000E\000x\000p\000l\000a\000i\000n\000a\000b\000i\000l\000i\000t\000y\000\040\000A\000n\000a\000l\000y\000s\000i\000s}{}% 4
\BOOKMARK [2][-]{subsection.4.1}{\376\377\000S\000H\000A\000P\000\040\000F\000e\000a\000t\000u\000r\000e\000\040\000I\000m\000p\000o\000r\000t\000a\000n\000c\000e}{section.4}% 5
\BOOKMARK [2][-]{subsection.4.2}{\376\377\000S\000H\000A\000P\000\040\000F\000e\000a\000t\000u\000r\000e\000\040\000I\000n\000t\000e\000r\000a\000c\000t\000i\000o\000n\000s}{section.4}% 6
\BOOKMARK [1][-]{section.5}{\376\377\000L\000I\000M\000E\000\040\000E\000x\000p\000l\000a\000i\000n\000a\000b\000i\000l\000i\000t\000y\000\040\000a\000n\000d\000\040\000S\000H\000A\000P\000\040\000v\000s\000\040\000L\000I\000M\000E\000\040\000C\000o\000n\000s\000e\000n\000s\000u\000s}{}% 7
\BOOKMARK [1][-]{section.6}{\376\377\000V\000e\000d\000i\000c\000\040\000C\000a\000t\000e\000g\000o\000r\000y\000\040\000A\000n\000a\000l\000y\000s\000i\000s\000:\000\040\000K\000r\000u\000s\000k\000a\000l\040\023\000W\000a\000l\000l\000i\000s\000\040\000T\000e\000s\000t\000s}{}% 8
\BOOKMARK [1][-]{section.7}{\376\377\000N\000a\000k\000s\000h\000a\000t\000r\000a\000\040\000I\000n\000t\000e\000n\000s\000i\000t\000y\000\040\000A\000n\000a\000l\000y\000s\000i\000s}{}% 9
\BOOKMARK [1][-]{section.8}{\376\377\000T\000i\000t\000h\000i\000\040\000\040\000N\000a\000k\000s\000h\000a\000t\000r\000a\000\040\000I\000n\000t\000e\000r\000a\000c\000t\000i\000o\000n\000\040\000H\000e\000a\000t\000m\000a\000p\000s}{}% 10
\BOOKMARK [1][-]{section.9}{\376\377\000R\000e\000t\000r\000o\000g\000r\000a\000d\000e\000\040\000P\000l\000a\000n\000e\000t\000a\000r\000y\000\040\000M\000o\000t\000i\000o\000n\000\040\000a\000n\000d\000\040\000S\000t\000o\000r\000m\000\040\000I\000n\000t\000e\000n\000s\000i\000t\000y}{}% 11
\BOOKMARK [1][-]{section.10}{\376\377\000P\000l\000a\000n\000e\000t\000a\000r\000y\000\040\000A\000s\000p\000e\000c\000t\000\040\000C\000o\000r\000r\000e\000l\000a\000t\000i\000o\000n\000s}{}% 12
\BOOKMARK [1][-]{section.11}{\376\377\000V\000e\000d\000i\000c\000\040\000P\000l\000a\000n\000e\000t\000a\000r\000y\000\040\000D\000e\000g\000r\000e\000e\000:\000\040\000C\000i\000r\000c\000u\000l\000a\000r\000-\000L\000i\000n\000e\000a\000r\000\040\000C\000o\000r\000r\000e\000l\000a\000t\000i\000o\000n\000s}{}% 13
\BOOKMARK [1][-]{section.12}{\376\377\000V\000a\000r\000i\000a\000n\000c\000e\000\040\000I\000n\000f\000l\000a\000t\000i\000o\000n\000\040\000F\000a\000c\000t\000o\000r\000\040\000\050\000V\000I\000F\000\051\000\040\000A\000n\000a\000l\000y\000s\000i\000s}{}% 14
\BOOKMARK [1][-]{section.13}{\376\377\000I\000n\000t\000e\000n\000s\000i\000t\000y\000\040\000C\000h\000a\000n\000g\000e\000\040\000A\000n\000a\000l\000y\000s\000i\000s}{}% 15
\BOOKMARK [1][-]{section.14}{\376\377\000S\000u\000m\000m\000a\000r\000y\000\040\000a\000n\000d\000\040\000M\000e\000t\000h\000o\000d\000o\000l\000o\000g\000i\000c\000a\000l\000\040\000N\000o\000t\000e\000s}{}% 16
\BOOKMARK [2][-]{subsection.14.1}{\376\377\000F\000e\000a\000t\000u\000r\000e\000\040\000I\000m\000p\000o\000r\000t\000a\000n\000c\000e\000\040\000H\000i\000e\000r\000a\000r\000c\000h\000y}{section.14}% 17
\BOOKMARK [2][-]{subsection.14.2}{\376\377\000V\000e\000d\000i\000c\000\040\000F\000e\000a\000t\000u\000r\000e\000\040\000S\000i\000g\000n\000a\000l\000s}{section.14}% 18
\BOOKMARK [2][-]{subsection.14.3}{\376\377\000L\000a\000r\000g\000e\000-\000N\000\040\000S\000i\000g\000n\000i\000f\000i\000c\000a\000n\000c\000e\000\040\000I\000n\000f\000l\000a\000t\000i\000o\000n}{section.14}% 19
\BOOKMARK [2][-]{subsection.14.4}{\376\377\000A\000u\000t\000o\000c\000o\000r\000r\000e\000l\000a\000t\000i\000o\000n}{section.14}% 20
\BOOKMARK [1][-]{section.15}{\376\377\000C\000o\000n\000c\000l\000u\000s\000i\000o\000n}{}% 21
